mode: set
github.com/pauvalls/grimorio/internal/image/dalle.go:24.69,25.18 1 1
github.com/pauvalls/grimorio/internal/image/dalle.go:25.18,27.3 1 1
github.com/pauvalls/grimorio/internal/image/dalle.go:28.2,28.18 1 1
github.com/pauvalls/grimorio/internal/image/dalle.go:28.18,30.3 1 1
github.com/pauvalls/grimorio/internal/image/dalle.go:31.2,31.17 1 1
github.com/pauvalls/grimorio/internal/image/dalle.go:31.17,33.3 1 1
github.com/pauvalls/grimorio/internal/image/dalle.go:34.2,40.8 1 1
github.com/pauvalls/grimorio/internal/image/dalle.go:43.39,45.2 1 1
github.com/pauvalls/grimorio/internal/image/dalle.go:47.45,49.2 1 1
github.com/pauvalls/grimorio/internal/image/dalle.go:67.65,76.16 3 1
github.com/pauvalls/grimorio/internal/image/dalle.go:76.16,78.3 1 0
github.com/pauvalls/grimorio/internal/image/dalle.go:80.2,81.16 2 1
github.com/pauvalls/grimorio/internal/image/dalle.go:81.16,83.3 1 0
github.com/pauvalls/grimorio/internal/image/dalle.go:85.2,89.16 4 1
github.com/pauvalls/grimorio/internal/image/dalle.go:89.16,91.3 1 0
github.com/pauvalls/grimorio/internal/image/dalle.go:92.2,92.15 1 1
github.com/pauvalls/grimorio/internal/image/dalle.go:92.15,92.40 1 1
github.com/pauvalls/grimorio/internal/image/dalle.go:94.2,94.38 1 1
github.com/pauvalls/grimorio/internal/image/dalle.go:94.38,97.3 2 1
github.com/pauvalls/grimorio/internal/image/dalle.go:99.2,100.70 2 1
github.com/pauvalls/grimorio/internal/image/dalle.go:100.70,102.3 1 1
github.com/pauvalls/grimorio/internal/image/dalle.go:104.2,104.30 1 1
github.com/pauvalls/grimorio/internal/image/dalle.go:104.30,106.3 1 1
github.com/pauvalls/grimorio/internal/image/dalle.go:108.2,110.24 2 1
github.com/pauvalls/grimorio/internal/image/dalle.go:110.24,112.3 1 1
github.com/pauvalls/grimorio/internal/image/dalle.go:114.2,114.20 1 1
github.com/pauvalls/grimorio/internal/image/dalle.go:114.20,116.3 1 1
github.com/pauvalls/grimorio/internal/image/dalle.go:118.2,118.53 1 0
github.com/pauvalls/grimorio/internal/image/dalle.go:121.48,124.16 3 1
github.com/pauvalls/grimorio/internal/image/dalle.go:124.16,126.3 1 1
github.com/pauvalls/grimorio/internal/image/dalle.go:127.2,127.15 1 1
github.com/pauvalls/grimorio/internal/image/dalle.go:127.15,127.40 1 1
github.com/pauvalls/grimorio/internal/image/dalle.go:129.2,129.38 1 1
github.com/pauvalls/grimorio/internal/image/dalle.go:129.38,132.3 2 1
github.com/pauvalls/grimorio/internal/image/dalle.go:134.2,134.30 1 1
github.com/pauvalls/grimorio/internal/image/pollinations.go:22.77,23.16 1 1
github.com/pauvalls/grimorio/internal/image/pollinations.go:23.16,25.3 1 1
github.com/pauvalls/grimorio/internal/image/pollinations.go:26.2,26.17 1 1
github.com/pauvalls/grimorio/internal/image/pollinations.go:26.17,28.3 1 1
github.com/pauvalls/grimorio/internal/image/pollinations.go:29.2,36.3 1 1
github.com/pauvalls/grimorio/internal/image/pollinations.go:39.46,41.2 1 1
github.com/pauvalls/grimorio/internal/image/pollinations.go:43.52,45.2 1 1
github.com/pauvalls/grimorio/internal/image/pollinations.go:47.72,53.17 3 1
github.com/pauvalls/grimorio/internal/image/pollinations.go:53.17,55.3 1 1
github.com/pauvalls/grimorio/internal/image/pollinations.go:57.2,57.19 1 1
github.com/pauvalls/grimorio/internal/image/pollinations.go:57.19,59.3 1 1
github.com/pauvalls/grimorio/internal/image/pollinations.go:61.2,62.16 2 1
github.com/pauvalls/grimorio/internal/image/pollinations.go:62.16,64.3 1 1
github.com/pauvalls/grimorio/internal/image/pollinations.go:65.2,65.15 1 1
github.com/pauvalls/grimorio/internal/image/pollinations.go:65.15,65.40 1 1
github.com/pauvalls/grimorio/internal/image/pollinations.go:67.2,67.38 1 1
github.com/pauvalls/grimorio/internal/image/pollinations.go:67.38,70.3 2 1
github.com/pauvalls/grimorio/internal/image/pollinations.go:72.2,72.30 1 1
github.com/pauvalls/grimorio/internal/image/provider.go:24.29,32.2 1 1
github.com/pauvalls/grimorio/internal/image/provider.go:35.48,36.22 1 1
github.com/pauvalls/grimorio/internal/image/provider.go:37.15,38.56 1 1
github.com/pauvalls/grimorio/internal/image/provider.go:39.17,40.35 1 1
github.com/pauvalls/grimorio/internal/image/provider.go:41.22,42.71 1 1
github.com/pauvalls/grimorio/internal/image/provider.go:43.10,44.71 1 1
github.com/pauvalls/grimorio/internal/image/provider.go:50.46,55.16 3 1
github.com/pauvalls/grimorio/internal/image/provider.go:55.16,57.3 1 1
github.com/pauvalls/grimorio/internal/image/provider.go:61.2,65.18 3 1
github.com/pauvalls/grimorio/internal/image/provider.go:69.88,71.30 2 1
github.com/pauvalls/grimorio/internal/image/provider.go:71.30,73.17 2 1
github.com/pauvalls/grimorio/internal/image/provider.go:73.17,75.4 1 1
github.com/pauvalls/grimorio/internal/image/provider.go:76.3,76.16 1 1
github.com/pauvalls/grimorio/internal/image/provider.go:78.2,78.77 1 1
github.com/pauvalls/grimorio/internal/image/provider.go:81.67,83.16 2 1
github.com/pauvalls/grimorio/internal/image/provider.go:83.16,85.3 1 1
github.com/pauvalls/grimorio/internal/image/provider.go:87.2,87.68 1 1
github.com/pauvalls/grimorio/internal/image/provider.go:87.68,89.3 1 0
github.com/pauvalls/grimorio/internal/image/provider.go:91.2,91.48 1 1
github.com/pauvalls/grimorio/internal/image/provider.go:95.99,97.16 2 1
github.com/pauvalls/grimorio/internal/image/provider.go:97.16,99.3 1 1
github.com/pauvalls/grimorio/internal/image/provider.go:101.2,101.68 1 1
github.com/pauvalls/grimorio/internal/image/provider.go:101.68,103.3 1 0
github.com/pauvalls/grimorio/internal/image/provider.go:105.2,105.64 1 1
github.com/pauvalls/grimorio/internal/image/provider.go:105.64,107.3 1 0
github.com/pauvalls/grimorio/internal/image/provider.go:109.2,109.26 1 1
github.com/pauvalls/grimorio/internal/image/raphael.go:43.44,50.2 1 1
github.com/pauvalls/grimorio/internal/image/raphael.go:52.41,54.2 1 1
github.com/pauvalls/grimorio/internal/image/raphael.go:56.47,58.2 1 1
github.com/pauvalls/grimorio/internal/image/raphael.go:60.67,74.16 3 1
github.com/pauvalls/grimorio/internal/image/raphael.go:74.16,76.3 1 0
github.com/pauvalls/grimorio/internal/image/raphael.go:78.2,79.16 2 1
github.com/pauvalls/grimorio/internal/image/raphael.go:79.16,81.3 1 0
github.com/pauvalls/grimorio/internal/image/raphael.go:83.2,89.16 6 1
github.com/pauvalls/grimorio/internal/image/raphael.go:89.16,91.3 1 0
github.com/pauvalls/grimorio/internal/image/raphael.go:92.2,92.15 1 1
github.com/pauvalls/grimorio/internal/image/raphael.go:92.15,92.40 1 1
github.com/pauvalls/grimorio/internal/image/raphael.go:94.2,95.16 2 1
github.com/pauvalls/grimorio/internal/image/raphael.go:95.16,97.3 1 0
github.com/pauvalls/grimorio/internal/image/raphael.go:99.2,99.38 1 1
github.com/pauvalls/grimorio/internal/image/raphael.go:99.38,101.3 1 1
github.com/pauvalls/grimorio/internal/image/raphael.go:103.2,104.55 2 1
github.com/pauvalls/grimorio/internal/image/raphael.go:104.55,106.3 1 1
github.com/pauvalls/grimorio/internal/image/raphael.go:108.2,108.23 1 1
github.com/pauvalls/grimorio/internal/image/raphael.go:108.23,110.3 1 1
github.com/pauvalls/grimorio/internal/image/raphael.go:113.2,114.56 2 1
github.com/pauvalls/grimorio/internal/image/raphael.go:114.56,116.3 1 1
github.com/pauvalls/grimorio/internal/image/raphael.go:118.2,118.34 1 1
github.com/pauvalls/grimorio/internal/image/raphael.go:121.69,123.16 2 1
github.com/pauvalls/grimorio/internal/image/raphael.go:123.16,125.3 1 0
github.com/pauvalls/grimorio/internal/image/raphael.go:127.2,131.16 4 1
github.com/pauvalls/grimorio/internal/image/raphael.go:131.16,133.3 1 1
github.com/pauvalls/grimorio/internal/image/raphael.go:134.2,134.15 1 1
github.com/pauvalls/grimorio/internal/image/raphael.go:134.15,134.40 1 1
github.com/pauvalls/grimorio/internal/image/raphael.go:136.2,136.38 1 1
github.com/pauvalls/grimorio/internal/image/raphael.go:136.38,139.3 2 1
github.com/pauvalls/grimorio/internal/image/raphael.go:141.2,141.30 1 1
